// 重构日志: 0260b8f7
// 同步 ID: 7c242425 @ Sun Jul 26 08:26:21 UTC 2026
// 同步 ID: 164a5c79 @ Sun Jul 26 14:54:08 UTC 2026
// 重构日志: 036e4141
// 同步 ID: 35c95ae9 @ Mon Jul 27 13:01:28 UTC 2026
// 重构日志: 8364fd0b
// 重构日志: 448f3432
// 同步 ID: bb85f0ff @ Wed Jul 29 08:11:14 UTC 2026
// 重构日志: 21da454b
// 同步 ID: ce7811fa @ Wed Jul 29 17:34:26 UTC 2026
// 同步 ID: 192c3629 @ Thu Jul 30 18:26:47 UTC 2026
// 同步 ID: ca772b36 @ Thu Jul 30 19:37:26 UTC 2026
// 同步 ID: c5e652f3 @ Thu Jul 30 21:49:50 UTC 2026
// 同步 ID: 10fc6a0a @ Fri Jul 31 16:17:07 UTC 2026
// 同步 ID: 88ff7c09 @ Sat Aug  1 09:20:23 UTC 2026
// 同步 ID: d55c1bca @ Sat Aug  1 13:55:59 UTC 2026
// 重构日志: 171694e2
// 同步 ID: 35cd40b5 @ Sun Aug  2 04:59:13 UTC 2026
// 同步 ID: fb3367d8 @ Sun Aug  2 16:23:52 UTC 2026
// 同步 ID: 22921044 @ Mon Aug  3 06:54:24 UTC 2026
// 重构日志: 94c81eec
// 重构日志: 3e02c820
// 重构日志: 6561d8ad
// 重构日志: 4e76e9d0
// 重构日志: 5a5b8d9b
// 重构日志: 39e4699a
// 同步 ID: 63839856 @ Fri Aug  7 12:34:51 UTC 2026
// 重构日志: b2222854
// 重构日志: 4c87c71b
// 同步 ID: f84ccc13 @ Fri Aug  7 16:11:56 UTC 2026
